[0.000000] (-) TimerEvent: {}
[0.000297] (-) JobUnselected: {'identifier': 'cpp_pubsub'}
[0.000591] (-) JobUnselected: {'identifier': 'cpp_srvcli'}
[0.000627] (-) JobUnselected: {'identifier': 'my_package'}
[0.000650] (-) JobUnselected: {'identifier': 'turtlesim'}
[0.000676] (tutorial_interfaces) JobQueued: {'identifier': 'tutorial_interfaces', 'dependencies': OrderedDict()}
[0.000706] (tutorial_interfaces) JobStarted: {'identifier': 'tutorial_interfaces'}
[0.010606] (tutorial_interfaces) JobProgress: {'identifier': 'tutorial_interfaces', 'progress': 'cmake'}
[0.011738] (tutorial_interfaces) Command: {'cmd': ['/usr/bin/cmake', '/home/daxton/ros2_beginning/src/tutorial_interfaces', '-DCMAKE_INSTALL_PREFIX=/home/daxton/ros2_beginning/install/tutorial_interfaces'], 'cwd': '/home/daxton/ros2_beginning/build/tutorial_interfaces', 'env': OrderedDict({'LESSOPEN': '| /usr/bin/lesspipe %s', 'USER': 'daxton', 'GZ_CONFIG_PATH': '/opt/ros/jazzy/opt/sdformat_vendor/share/gz', 'XDG_SESSION_TYPE': 'wayland', 'SHLVL': '1', 'LD_LIBRARY_PATH': '/home/daxton/ros2_beginning/install/turtlesim/lib:/opt/ros/jazzy/opt/sdformat_vendor/lib:/opt/ros/jazzy/opt/rviz_ogre_vendor/lib:/opt/rti.com/rti_connext_dds-6.0.1/lib/x64Linux4gcc7.3.0:/opt/rti.com/rti_connext_dds-6.0.1/bin:/opt/ros/jazzy/lib/x86_64-linux-gnu:/opt/ros/jazzy/opt/gz_math_vendor/lib:/opt/ros/jazzy/opt/gz_utils_vendor/lib:/opt/ros/jazzy/opt/gz_tools_vendor/lib:/opt/ros/jazzy/opt/gz_cmake_vendor/lib:/opt/ros/jazzy/lib', 'HOME': '/home/daxton', 'OLDPWD': '/home/daxton/ros2_beginning/src/tutorial_interfaces', 'DESKTOP_SESSION': 'ubuntu', 'CONNEXTDDS_DIR': '/opt/rti.com/rti_connext_dds-6.0.1', 'ROS_PYTHON_VERSION': '3', 'GNOME_SHELL_SESSION_MODE': 'ubuntu', 'GTK_MODULES': 'gail:atk-bridge', 'NDDSHOME': '/opt/rti.com/rti_connext_dds-6.0.1', 'SYSTEMD_EXEC_PID': '3142', 'GSM_SKIP_SSH_AGENT_WORKAROUND': 'true', 'DBUS_SESSION_BUS_ADDRESS': 'unix:path=/run/user/1000/bus', 'COLORTERM': 'truecolor', 'GNOME_KEYRING_CONTROL': '/run/user/1000/keyring', 'DEBUGINFOD_URLS': 'https://debuginfod.ubuntu.com', 'IM_CONFIG_PHASE': '1', 'WAYLAND_DISPLAY': 'wayland-0', 'COLCON_PREFIX_PATH': '/home/daxton/ros2_beginning/install', 'ROS_DISTRO': 'jazzy', 'LOGNAME': 'daxton', '_': '/usr/bin/colcon', 'ROS_VERSION': '2', 'MEMORY_PRESSURE_WATCH': '/sys/fs/cgroup/user.slice/user-1000.slice/user@1000.service/session.slice/org.gnome.SettingsDaemon.MediaKeys.service/memory.pressure', 'XDG_SESSION_CLASS': 'user', 'USERNAME': 'daxton', 'TERM': 'xterm-256color', 'GNOME_DESKTOP_SESSION_ID': 'this-is-deprecated', 'PATH': '/opt/rti.com/rti_connext_dds-6.0.1/lib/x64Linux4gcc7.3.0:/opt/rti.com/rti_connext_dds-6.0.1/bin:/opt/ros/jazzy/opt/gz_tools_vendor/bin:/opt/ros/jazzy/bin:/usr/local/sbin:/usr/local/bin:/usr/sbin:/usr/bin:/sbin:/bin:/usr/games:/usr/local/games:/snap/bin:/snap/bin:$/tools/Xilinx/2024.2/bin', 'SESSION_MANAGER': 'local/DaxtonPC:@/tmp/.ICE-unix/2564,unix/DaxtonPC:/tmp/.ICE-unix/2564', 'XDG_MENU_PREFIX': 'gnome-', 'GNOME_TERMINAL_SCREEN': '/org/gnome/Terminal/screen/b048df5c_2adb_4fb9_980e_7d1ce38d4c04', 'GNOME_SETUP_DISPLAY': ':1', 'XDG_RUNTIME_DIR': '/run/user/1000', 'DISPLAY': ':0', 'LANG': 'en_US.UTF-8', 'XDG_CURRENT_DESKTOP': 'ubuntu:GNOME', 'XMODIFIERS': '@im=ibus', 'XDG_SESSION_DESKTOP': 'ubuntu', 'XAUTHORITY': '/run/user/1000/.mutter-Xwaylandauth.H6AD72', 'LS_COLORS': 'rs=0:di=01;34:ln=01;36:mh=00:pi=40;33:so=01;35:do=01;35:bd=40;33;01:cd=40;33;01:or=40;31;01:mi=00:su=37;41:sg=30;43:ca=00:tw=30;42:ow=34;42:st=37;44:ex=01;32:*.tar=01;31:*.tgz=01;31:*.arc=01;31:*.arj=01;31:*.taz=01;31:*.lha=01;31:*.lz4=01;31:*.lzh=01;31:*.lzma=01;31:*.tlz=01;31:*.txz=01;31:*.tzo=01;31:*.t7z=01;31:*.zip=01;31:*.z=01;31:*.dz=01;31:*.gz=01;31:*.lrz=01;31:*.lz=01;31:*.lzo=01;31:*.xz=01;31:*.zst=01;31:*.tzst=01;31:*.bz2=01;31:*.bz=01;31:*.tbz=01;31:*.tbz2=01;31:*.tz=01;31:*.deb=01;31:*.rpm=01;31:*.jar=01;31:*.war=01;31:*.ear=01;31:*.sar=01;31:*.rar=01;31:*.alz=01;31:*.ace=01;31:*.zoo=01;31:*.cpio=01;31:*.7z=01;31:*.rz=01;31:*.cab=01;31:*.wim=01;31:*.swm=01;31:*.dwm=01;31:*.esd=01;31:*.avif=01;35:*.jpg=01;35:*.jpeg=01;35:*.mjpg=01;35:*.mjpeg=01;35:*.gif=01;35:*.bmp=01;35:*.pbm=01;35:*.pgm=01;35:*.ppm=01;35:*.tga=01;35:*.xbm=01;35:*.xpm=01;35:*.tif=01;35:*.tiff=01;35:*.png=01;35:*.svg=01;35:*.svgz=01;35:*.mng=01;35:*.pcx=01;35:*.mov=01;35:*.mpg=01;35:*.mpeg=01;35:*.m2v=01;35:*.mkv=01;35:*.webm=01;35:*.webp=01;35:*.ogm=01;35:*.mp4=01;35:*.m4v=01;35:*.mp4v=01;35:*.vob=01;35:*.qt=01;35:*.nuv=01;35:*.wmv=01;35:*.asf=01;35:*.rm=01;35:*.rmvb=01;35:*.flc=01;35:*.avi=01;35:*.fli=01;35:*.flv=01;35:*.gl=01;35:*.dl=01;35:*.xcf=01;35:*.xwd=01;35:*.yuv=01;35:*.cgm=01;35:*.emf=01;35:*.ogv=01;35:*.ogx=01;35:*.aac=00;36:*.au=00;36:*.flac=00;36:*.m4a=00;36:*.mid=00;36:*.midi=00;36:*.mka=00;36:*.mp3=00;36:*.mpc=00;36:*.ogg=00;36:*.ra=00;36:*.wav=00;36:*.oga=00;36:*.opus=00;36:*.spx=00;36:*.xspf=00;36:*~=00;90:*#=00;90:*.bak=00;90:*.crdownload=00;90:*.dpkg-dist=00;90:*.dpkg-new=00;90:*.dpkg-old=00;90:*.dpkg-tmp=00;90:*.old=00;90:*.orig=00;90:*.part=00;90:*.rej=00;90:*.rpmnew=00;90:*.rpmorig=00;90:*.rpmsave=00;90:*.swp=00;90:*.tmp=00;90:*.ucf-dist=00;90:*.ucf-new=00;90:*.ucf-old=00;90:', 'GNOME_TERMINAL_SERVICE': ':1.368', 'SSH_AUTH_SOCK': '/run/user/1000/keyring/ssh', 'AMENT_PREFIX_PATH': '/home/daxton/ros2_beginning/install/turtlesim:/home/daxton/ros2_beginning/install/my_package:/home/daxton/ros2_beginning/install/cpp_srvcli:/home/daxton/ros2_beginning/install/cpp_pubsub:/opt/ros/jazzy', 'SHELL': '/bin/bash', 'QT_ACCESSIBILITY': '1', 'GDMSESSION': 'ubuntu', 'LESSCLOSE': '/usr/bin/lesspipe %s %s', 'CONNEXTDDS_ARCH': 'x64Linux4gcc7.3.0', 'ROS_AUTOMATIC_DISCOVERY_RANGE': 'SUBNET', 'QT_IM_MODULE': 'ibus', 'PWD': '/home/daxton/ros2_beginning/build/tutorial_interfaces', 'LC_ALL': 'en_US.UTF-8', 'XDG_CONFIG_DIRS': '/etc/xdg/xdg-ubuntu:/etc/xdg', 'XDG_DATA_DIRS': '/usr/share/ubuntu:/usr/share/gnome:/usr/local/share/:/usr/share/:/var/lib/snapd/desktop', 'PYTHONPATH': '/home/daxton/ros2_beginning/install/turtlesim/lib/python3.12/site-packages:/opt/ros/jazzy/lib/python3.12/site-packages', 'COLCON': '1', 'MEMORY_PRESSURE_WRITE': 'c29tZSAyMDAwMDAgMjAwMDAwMAA=', 'VTE_VERSION': '7600', 'CMAKE_PREFIX_PATH': '/home/daxton/ros2_beginning/install/turtlesim:/home/daxton/ros2_beginning/install/my_package:/home/daxton/ros2_beginning/install/cpp_srvcli:/home/daxton/ros2_beginning/install/cpp_pubsub:/opt/ros/jazzy/opt/sdformat_vendor:/opt/ros/jazzy/opt/gz_math_vendor:/opt/ros/jazzy/opt/gz_utils_vendor:/opt/ros/jazzy/opt/gz_tools_vendor:/opt/ros/jazzy/opt/gz_cmake_vendor'}), 'shell': False}
[0.099150] (-) TimerEvent: {}
[0.119731] (tutorial_interfaces) StdoutLine: {'line': b'-- The C compiler identification is GNU 13.3.0\n'}
[0.199458] (-) TimerEvent: {}
[0.209741] (tutorial_interfaces) StdoutLine: {'line': b'-- The CXX compiler identification is GNU 13.3.0\n'}
[0.241089] (tutorial_interfaces) StdoutLine: {'line': b'-- Detecting C compiler ABI info\n'}
[0.299672] (-) TimerEvent: {}
[0.390048] (tutorial_interfaces) StdoutLine: {'line': b'-- Detecting C compiler ABI info - done\n'}
[0.399898] (-) TimerEvent: {}
[0.412575] (tutorial_interfaces) StdoutLine: {'line': b'-- Check for working C compiler: /usr/bin/cc - skipped\n'}
[0.414136] (tutorial_interfaces) StdoutLine: {'line': b'-- Detecting C compile features\n'}
[0.415113] (tutorial_interfaces) StdoutLine: {'line': b'-- Detecting C compile features - done\n'}
[0.435688] (tutorial_interfaces) StdoutLine: {'line': b'-- Detecting CXX compiler ABI info\n'}
[0.500094] (-) TimerEvent: {}
[0.599558] (tutorial_interfaces) StdoutLine: {'line': b'-- Detecting CXX compiler ABI info - done\n'}
[0.600159] (-) TimerEvent: {}
[0.615573] (tutorial_interfaces) StdoutLine: {'line': b'-- Check for working CXX compiler: /usr/bin/c++ - skipped\n'}
[0.616135] (tutorial_interfaces) StdoutLine: {'line': b'-- Detecting CXX compile features\n'}
[0.616915] (tutorial_interfaces) StdoutLine: {'line': b'-- Detecting CXX compile features - done\n'}
[0.628496] (tutorial_interfaces) StdoutLine: {'line': b'-- Found ament_cmake: 2.5.4 (/opt/ros/jazzy/share/ament_cmake/cmake)\n'}
[0.700415] (-) TimerEvent: {}
[0.800832] (-) TimerEvent: {}
[0.876700] (tutorial_interfaces) StdoutLine: {'line': b'-- Found Python3: /usr/bin/python3 (found version "3.12.3") found components: Interpreter \n'}
[0.900952] (-) TimerEvent: {}
[1.001443] (-) TimerEvent: {}
[1.048933] (tutorial_interfaces) StdoutLine: {'line': b'-- Found geometry_msgs: 5.3.6 (/opt/ros/jazzy/share/geometry_msgs/cmake)\n'}
[1.101597] (-) TimerEvent: {}
[1.111794] (tutorial_interfaces) StdoutLine: {'line': b'-- Found rosidl_generator_c: 4.6.5 (/opt/ros/jazzy/share/rosidl_generator_c/cmake)\n'}
[1.129824] (tutorial_interfaces) StdoutLine: {'line': b'-- Found rosidl_generator_cpp: 4.6.5 (/opt/ros/jazzy/share/rosidl_generator_cpp/cmake)\n'}
[1.150534] (tutorial_interfaces) StdoutLine: {'line': b'-- Using all available rosidl_typesupport_c: rosidl_typesupport_fastrtps_c;rosidl_typesupport_introspection_c\n'}
[1.173643] (tutorial_interfaces) StdoutLine: {'line': b'-- Using all available rosidl_typesupport_cpp: rosidl_typesupport_fastrtps_cpp;rosidl_typesupport_introspection_cpp\n'}
[1.201853] (-) TimerEvent: {}
[1.239869] (tutorial_interfaces) StdoutLine: {'line': b'-- Found rosidl_default_generators: 1.6.0 (/opt/ros/jazzy/share/rosidl_default_generators/cmake)\n'}
[1.261280] (tutorial_interfaces) StdoutLine: {'line': b'-- Found rosidl_adapter: 4.6.5 (/opt/ros/jazzy/share/rosidl_adapter/cmake)\n'}
[1.302015] (-) TimerEvent: {}
[1.402650] (-) TimerEvent: {}
[1.503120] (-) TimerEvent: {}
[1.603578] (-) TimerEvent: {}
[1.704032] (-) TimerEvent: {}
[1.723652] (tutorial_interfaces) StderrLine: {'line': b"Error parsing '/home/daxton/ros2_beginning/src/tutorial_interfaces/package.xml':\n"}
[1.804251] (-) TimerEvent: {}
[1.904680] (-) TimerEvent: {}
[2.005194] (-) TimerEvent: {}
[2.105778] (-) TimerEvent: {}
[2.206316] (-) TimerEvent: {}
[2.306815] (-) TimerEvent: {}
[2.407429] (-) TimerEvent: {}
[2.507937] (-) TimerEvent: {}
[2.608459] (-) TimerEvent: {}
[2.708883] (-) TimerEvent: {}
[2.809411] (-) TimerEvent: {}
[2.909901] (-) TimerEvent: {}
[3.010415] (-) TimerEvent: {}
[3.110841] (-) TimerEvent: {}
[3.211311] (-) TimerEvent: {}
[3.311696] (-) TimerEvent: {}
[3.412168] (-) TimerEvent: {}
[3.512656] (-) TimerEvent: {}
[3.613054] (-) TimerEvent: {}
[3.713518] (-) TimerEvent: {}
[3.730171] (tutorial_interfaces) StderrLine: {'line': b'Traceback (most recent call last):\n'}
[3.730698] (tutorial_interfaces) StderrLine: {'line': b'  File "/usr/lib/python3/dist-packages/catkin_pkg/package.py", line 610, in parse_package_string\n'}
[3.730877] (tutorial_interfaces) StderrLine: {'line': b'    root = dom.parseString(data)\n'}
[3.731040] (tutorial_interfaces) StderrLine: {'line': b'           ^^^^^^^^^^^^^^^^^^^^^\n'}
[3.731190] (tutorial_interfaces) StderrLine: {'line': b'  File "/usr/lib/python3.12/xml/dom/minidom.py", line 2000, in parseString\n'}
[3.731578] (tutorial_interfaces) StderrLine: {'line': b'    return expatbuilder.parseString(string)\n'}
[3.731814] (tutorial_interfaces) StderrLine: {'line': b'           ^^^^^^^^^^^^^^^^^^^^^^^^^^^^^^^^\n'}
[3.731971] (tutorial_interfaces) StderrLine: {'line': b'  File "/usr/lib/python3.12/xml/dom/expatbuilder.py", line 922, in parseString\n'}
[3.732122] (tutorial_interfaces) StderrLine: {'line': b'    return builder.parseString(string)\n'}
[3.732267] (tutorial_interfaces) StderrLine: {'line': b'           ^^^^^^^^^^^^^^^^^^^^^^^^^^^\n'}
[3.732437] (tutorial_interfaces) StderrLine: {'line': b'  File "/usr/lib/python3.12/xml/dom/expatbuilder.py", line 220, in parseString\n'}
[3.732615] (tutorial_interfaces) StderrLine: {'line': b'    parser.Parse(string, True)\n'}
[3.732773] (tutorial_interfaces) StderrLine: {'line': b'xml.parsers.expat.ExpatError: mismatched tag: line 11, column 39\n'}
[3.732924] (tutorial_interfaces) StderrLine: {'line': b'\n'}
[3.733074] (tutorial_interfaces) StderrLine: {'line': b'During handling of the above exception, another exception occurred:\n'}
[3.733225] (tutorial_interfaces) StderrLine: {'line': b'\n'}
[3.733375] (tutorial_interfaces) StderrLine: {'line': b'Traceback (most recent call last):\n'}
[3.733568] (tutorial_interfaces) StderrLine: {'line': b'  File "/opt/ros/jazzy/share/ament_cmake_core/cmake/core/package_xml_2_cmake.py", line 150, in <module>\n'}
[3.733761] (tutorial_interfaces) StderrLine: {'line': b'    main()\n'}
[3.733923] (tutorial_interfaces) StderrLine: {'line': b'  File "/opt/ros/jazzy/share/ament_cmake_core/cmake/core/package_xml_2_cmake.py", line 53, in main\n'}
[3.734089] (tutorial_interfaces) StderrLine: {'line': b'    raise e\n'}
[3.734249] (tutorial_interfaces) StderrLine: {'line': b'  File "/opt/ros/jazzy/share/ament_cmake_core/cmake/core/package_xml_2_cmake.py", line 49, in main\n'}
[3.734438] (tutorial_interfaces) StderrLine: {'line': b'    package = parse_package_string(\n'}
[3.734620] (tutorial_interfaces) StderrLine: {'line': b'              ^^^^^^^^^^^^^^^^^^^^^\n'}
[3.734787] (tutorial_interfaces) StderrLine: {'line': b'  File "/usr/lib/python3/dist-packages/catkin_pkg/package.py", line 612, in parse_package_string\n'}
[3.734949] (tutorial_interfaces) StderrLine: {'line': b"    raise InvalidPackage('The manifest contains invalid XML:\\n%s' % ex, filename)\n"}
[3.735113] (tutorial_interfaces) StderrLine: {'line': b"catkin_pkg.package.InvalidPackage: Error(s) in package '/home/daxton/ros2_beginning/src/tutorial_interfaces/package.xml':\n"}
[3.735285] (tutorial_interfaces) StderrLine: {'line': b'The manifest contains invalid XML:\n'}
[3.735485] (tutorial_interfaces) StderrLine: {'line': b'mismatched tag: line 11, column 39\n'}
[3.799971] (tutorial_interfaces) StderrLine: {'line': b'\x1b[31mCMake Error at /opt/ros/jazzy/share/ament_cmake_core/cmake/core/ament_package_xml.cmake:95 (message):\n'}
[3.800369] (tutorial_interfaces) StderrLine: {'line': b'  execute_process(/usr/bin/python3\n'}
[3.800706] (tutorial_interfaces) StderrLine: {'line': b'  /opt/ros/jazzy/share/ament_cmake_core/cmake/core/package_xml_2_cmake.py\n'}
[3.800935] (tutorial_interfaces) StderrLine: {'line': b'  /home/daxton/ros2_beginning/src/tutorial_interfaces/package.xml\n'}
[3.801105] (tutorial_interfaces) StderrLine: {'line': b'  /home/daxton/ros2_beginning/build/tutorial_interfaces/ament_cmake_core/package.cmake)\n'}
[3.801294] (tutorial_interfaces) StderrLine: {'line': b'  returned error code 1\n'}
[3.801486] (tutorial_interfaces) StderrLine: {'line': b'Call Stack (most recent call first):\n'}
[3.801652] (tutorial_interfaces) StderrLine: {'line': b'  /opt/ros/jazzy/share/ament_cmake_core/cmake/core/ament_package_xml.cmake:49 (_ament_package_xml)\n'}
[3.801809] (tutorial_interfaces) StderrLine: {'line': b'  /opt/ros/jazzy/share/rosidl_cmake/cmake/rosidl_generate_interfaces.cmake:220 (ament_package_xml)\n'}
[3.801962] (tutorial_interfaces) StderrLine: {'line': b'  CMakeLists.txt:16 (rosidl_generate_interfaces)\n'}
[3.802115] (tutorial_interfaces) StderrLine: {'line': b'\n'}
[3.802271] (tutorial_interfaces) StderrLine: {'line': b'\x1b[0m\n'}
[3.802434] (tutorial_interfaces) StdoutLine: {'line': b'-- Configuring incomplete, errors occurred!\n'}
[3.813699] (-) TimerEvent: {}
[3.817320] (tutorial_interfaces) CommandEnded: {'returncode': 1}
[3.818669] (tutorial_interfaces) JobEnded: {'identifier': 'tutorial_interfaces', 'rc': 1}
[3.829584] (-) EventReactorShutdown: {}
