[0.014s] Invoking command in '/home/daxton/ros2_beginning/build/tutorial_interfaces': DEBUGINFOD_URLS=https://debuginfod.ubuntu.com /usr/bin/cmake /home/daxton/ros2_beginning/src/tutorial_interfaces -DCMAKE_INSTALL_PREFIX=/home/daxton/ros2_beginning/install/tutorial_interfaces
[0.119s] -- The C compiler identification is GNU 13.3.0
[0.209s] -- The CXX compiler identification is GNU 13.3.0
[0.241s] -- Detecting C compiler ABI info
[0.390s] -- Detecting C compiler ABI info - done
[0.412s] -- Check for working C compiler: /usr/bin/cc - skipped
[0.414s] -- Detecting C compile features
[0.415s] -- Detecting C compile features - done
[0.435s] -- Detecting CXX compiler ABI info
[0.599s] -- Detecting CXX compiler ABI info - done
[0.615s] -- Check for working CXX compiler: /usr/bin/c++ - skipped
[0.616s] -- Detecting CXX compile features
[0.616s] -- Detecting CXX compile features - done
[0.628s] -- Found ament_cmake: 2.5.4 (/opt/ros/jazzy/share/ament_cmake/cmake)
[0.876s] -- Found Python3: /usr/bin/python3 (found version "3.12.3") found components: Interpreter 
[1.048s] -- Found geometry_msgs: 5.3.6 (/opt/ros/jazzy/share/geometry_msgs/cmake)
[1.111s] -- Found rosidl_generator_c: 4.6.5 (/opt/ros/jazzy/share/rosidl_generator_c/cmake)
[1.129s] -- Found rosidl_generator_cpp: 4.6.5 (/opt/ros/jazzy/share/rosidl_generator_cpp/cmake)
[1.150s] -- Using all available rosidl_typesupport_c: rosidl_typesupport_fastrtps_c;rosidl_typesupport_introspection_c
[1.173s] -- Using all available rosidl_typesupport_cpp: rosidl_typesupport_fastrtps_cpp;rosidl_typesupport_introspection_cpp
[1.239s] -- Found rosidl_default_generators: 1.6.0 (/opt/ros/jazzy/share/rosidl_default_generators/cmake)
[1.261s] -- Found rosidl_adapter: 4.6.5 (/opt/ros/jazzy/share/rosidl_adapter/cmake)
[1.723s] Error parsing '/home/daxton/ros2_beginning/src/tutorial_interfaces/package.xml':
[3.730s] Traceback (most recent call last):
[3.730s]   File "/usr/lib/python3/dist-packages/catkin_pkg/package.py", line 610, in parse_package_string
[3.730s]     root = dom.parseString(data)
[3.730s]            ^^^^^^^^^^^^^^^^^^^^^
[3.731s]   File "/usr/lib/python3.12/xml/dom/minidom.py", line 2000, in parseString
[3.731s]     return expatbuilder.parseString(string)
[3.731s]            ^^^^^^^^^^^^^^^^^^^^^^^^^^^^^^^^
[3.731s]   File "/usr/lib/python3.12/xml/dom/expatbuilder.py", line 922, in parseString
[3.732s]     return builder.parseString(string)
[3.732s]            ^^^^^^^^^^^^^^^^^^^^^^^^^^^
[3.732s]   File "/usr/lib/python3.12/xml/dom/expatbuilder.py", line 220, in parseString
[3.732s]     parser.Parse(string, True)
[3.732s] xml.parsers.expat.ExpatError: mismatched tag: line 11, column 39
[3.732s] 
[3.732s] During handling of the above exception, another exception occurred:
[3.733s] 
[3.733s] Traceback (most recent call last):
[3.733s]   File "/opt/ros/jazzy/share/ament_cmake_core/cmake/core/package_xml_2_cmake.py", line 150, in <module>
[3.733s]     main()
[3.733s]   File "/opt/ros/jazzy/share/ament_cmake_core/cmake/core/package_xml_2_cmake.py", line 53, in main
[3.733s]     raise e
[3.734s]   File "/opt/ros/jazzy/share/ament_cmake_core/cmake/core/package_xml_2_cmake.py", line 49, in main
[3.734s]     package = parse_package_string(
[3.734s]               ^^^^^^^^^^^^^^^^^^^^^
[3.734s]   File "/usr/lib/python3/dist-packages/catkin_pkg/package.py", line 612, in parse_package_string
[3.734s]     raise InvalidPackage('The manifest contains invalid XML:\n%s' % ex, filename)
[3.735s] catkin_pkg.package.InvalidPackage: Error(s) in package '/home/daxton/ros2_beginning/src/tutorial_interfaces/package.xml':
[3.735s] The manifest contains invalid XML:
[3.735s] mismatched tag: line 11, column 39
[3.800s] [31mCMake Error at /opt/ros/jazzy/share/ament_cmake_core/cmake/core/ament_package_xml.cmake:95 (message):
[3.800s]   execute_process(/usr/bin/python3
[3.800s]   /opt/ros/jazzy/share/ament_cmake_core/cmake/core/package_xml_2_cmake.py
[3.800s]   /home/daxton/ros2_beginning/src/tutorial_interfaces/package.xml
[3.801s]   /home/daxton/ros2_beginning/build/tutorial_interfaces/ament_cmake_core/package.cmake)
[3.801s]   returned error code 1
[3.801s] Call Stack (most recent call first):
[3.801s]   /opt/ros/jazzy/share/ament_cmake_core/cmake/core/ament_package_xml.cmake:49 (_ament_package_xml)
[3.801s]   /opt/ros/jazzy/share/rosidl_cmake/cmake/rosidl_generate_interfaces.cmake:220 (ament_package_xml)
[3.801s]   CMakeLists.txt:16 (rosidl_generate_interfaces)
[3.802s] 
[3.802s] [0m
[3.802s] -- Configuring incomplete, errors occurred!
[3.817s] Invoked command in '/home/daxton/ros2_beginning/build/tutorial_interfaces' returned '1': DEBUGINFOD_URLS=https://debuginfod.ubuntu.com /usr/bin/cmake /home/daxton/ros2_beginning/src/tutorial_interfaces -DCMAKE_INSTALL_PREFIX=/home/daxton/ros2_beginning/install/tutorial_interfaces
